// Jest Snapshot v1, https://goo.gl/fbAQLP

exports[`returns 201 with new document 1`] = `
Array [
  Array [
    Object {
      "input": "{\\"applicationId\\":\\"application1\\",\\"locations\\":[\\"location1\\"],\\"scheduleId\\":\\"schedule1\\"}",
      "name": "application1-schedule1-1571011200000",
      "stateMachineArn": "create-schedule-step-function",
    },
    [Function],
  ],
]
`;

exports[`returns 201 with new document 2`] = `
Array [
  Array [
    Object {
      "Item": Object {
        "applicationId": "application1",
        "createdAt": "2019-10-13T00:00:00.000Z",
        "createdBy": Object {
          "id": "user1",
          "label": "Unknown User",
          "type": "user",
        },
        "data": Object {
          "areas": Array [
            "area1",
          ],
          "enabled": true,
          "included": Object {},
          "locations": Array [
            "location1",
          ],
          "name": "Schedule One",
          "serviceHours": Object {
            "hours": Array [
              Object {
                "description": "MON 11:00 - TUE 00:00",
                "end": 86400000,
                "start": 39600000,
                "type": "DEFAULT",
              },
            ],
            "timezone": "Australia/Melbourne",
          },
          "strategy": Object {
            "options": Object {
              "duration": Object {
                "unit": "minute",
                "value": 15,
              },
              "frequency": Object {
                "unit": "minute",
                "value": 15,
              },
            },
            "type": "stopwatch",
          },
          "type": "visit",
        },
        "endAt": "2019-10-1500:00:00.000Z",
        "groupType": "schedule",
        "pk": "application1-schedule",
        "scheduleId": "schedule1",
        "sk": "2019-10-13T00:00:00.000Z-schedule1",
        "startAt": "2019-10-1400:00:00.000Z",
        "updatedAt": "2019-10-13T01:00:00.000Z",
        "updatedBy": Object {
          "id": "user1",
          "label": "Unknown User",
          "type": "user",
        },
      },
      "TableName": "table-schedules",
    },
    [Function],
  ],
]
`;

exports[`returns 201 with new document 3`] = `
Array [
  Array [
    Object {
      "input": "{\\"applicationId\\":\\"application1\\",\\"locations\\":[\\"location1\\"],\\"scheduleId\\":\\"schedule1\\"}",
      "name": "application1-schedule1-1571011200000",
      "stateMachineArn": "create-schedule-step-function",
    },
    [Function],
  ],
]
`;

exports[`returns 201 with new document 4`] = `
Object {
  "body": "{\\"areas\\":[\\"area1\\"],\\"enabled\\":true,\\"endAt\\":\\"2019-10-1500:00:00.000Z\\",\\"locations\\":[\\"location1\\"],\\"name\\":\\"Schedule One\\",\\"serviceHours\\":{\\"hours\\":[{\\"description\\":\\"MON 11:00 - TUE 00:00\\",\\"end\\":86400000,\\"start\\":39600000,\\"type\\":\\"DEFAULT\\"}],\\"timezone\\":\\"Australia/Melbourne\\"},\\"startAt\\":\\"2019-10-1400:00:00.000Z\\",\\"strategy\\":{\\"options\\":{\\"duration\\":{\\"unit\\":\\"minute\\",\\"value\\":15},\\"frequency\\":{\\"unit\\":\\"minute\\",\\"value\\":15}},\\"type\\":\\"stopwatch\\"},\\"type\\":\\"visit\\"}",
  "statusCode": 201,
}
`;

exports[`returns 201 with new document when locations missing 1`] = `
Object {
  "body": "{\\"areas\\":[\\"area1\\"],\\"enabled\\":true,\\"endAt\\":\\"2019-10-1500:00:00.000Z\\",\\"locations\\":[\\"location1\\"],\\"name\\":\\"Schedule One\\",\\"serviceHours\\":{\\"hours\\":[{\\"description\\":\\"MON 11:00 - TUE 00:00\\",\\"end\\":86400000,\\"start\\":39600000,\\"type\\":\\"DEFAULT\\"}],\\"timezone\\":\\"Australia/Melbourne\\"},\\"startAt\\":\\"2019-10-1400:00:00.000Z\\",\\"strategy\\":{\\"options\\":{\\"duration\\":{\\"unit\\":\\"minute\\",\\"value\\":15},\\"frequency\\":{\\"unit\\":\\"minute\\",\\"value\\":15}},\\"type\\":\\"stopwatch\\"},\\"type\\":\\"visit\\"}",
  "statusCode": 201,
}
`;
